// Jest Snapshot v1, https://goo.gl/fbAQLP

exports[`App should match the snapshot 1`] = `
<div
  className="App"
>
  <header
    className="sidebar"
  >
    <div
      id="small-zelda-header"
    >
      <Connect(TypeTabs) />
    </div>
  </header>
  <Connect(SearchBar) />
  <Connect(RecipeContainer) />
</div>
`;
