// Jest Snapshot v1, https://goo.gl/fbAQLP

exports[`App should match the snapshot 1`] = `
<div
  className="App"
>
  <header
    className="App-header"
  >
    <div
      id="small-zelda-header"
    />
  </header>
  <nav />
  <SearchBar />
</div>
`;
